// Jest Snapshot v1, https://goo.gl/fbAQLP

exports[`Logo Logo should render correctly 1`] = `
<p
  className="logo"
>
  NETFLIX
  <span>
    roulette
  </span>
</p>
`;
